Jun 28 20:36:41.000 [notice] Tor 0.4.9.9 (git-74b53bd1992da4ec) opening new log file.
Jun 28 20:36:40.960 [notice] We compiled with OpenSSL 30500070: OpenSSL 3.5.7 9 Jun 2026 and we are running with OpenSSL 30500070: 3.5.7. These two versions should be binary compatible.
Jun 28 20:36:40.975 [notice] Tor 0.4.9.9 (git-74b53bd1992da4ec) running on Windows 8 [or later] with Libevent 2.1.12-stable, OpenSSL 3.5.7, Zlib 1.3.2, Liblzma N/A, Libzstd N/A and Unknown N/A as libc.
Jun 28 20:36:40.975 [notice] Tor can't help you if you use it wrong! Learn how to be safe at https://support.torproject.org/faq/staying-anonymous/
Jun 28 20:36:41.058 [notice] Read configuration file "C:\Users\nurma\Desktop\lookup\tor\torrc".
Jun 28 20:36:41.059 [warn] Path for GeoIPFile (<default>) is relative and will resolve to C:\Users\nurma\Desktop\lookup\tor\<default>. Is this what you wanted?
Jun 28 20:36:41.059 [warn] Path for GeoIPv6File (<default>) is relative and will resolve to C:\Users\nurma\Desktop\lookup\tor\<default>. Is this what you wanted?
Jun 28 20:36:41.064 [notice] Opening Socks listener on 127.0.0.1:9050
Jun 28 20:36:41.064 [notice] Opened Socks listener connection (ready) on 127.0.0.1:9050
Jun 28 20:36:41.000 [notice] Set list of supported TLS groups to: ?*X25519MLKEM768 / ?SecP256r1MLKEM768 / *P-256:?X25519:P-224
Jun 28 20:36:41.000 [notice] Bootstrapped 0% (starting): Starting
Jun 28 20:36:50.000 [notice] Starting with guard context "default"
Jun 28 20:36:51.000 [notice] Bootstrapped 5% (conn): Connecting to a relay
Jun 28 20:36:51.000 [notice] Bootstrapped 10% (conn_done): Connected to a relay
Jun 28 20:36:52.000 [notice] Bootstrapped 14% (handshake): Handshaking with a relay
Jun 28 20:36:52.000 [notice] Bootstrapped 15% (handshake_done): Handshake with a relay done
Jun 28 20:36:52.000 [notice] Bootstrapped 20% (onehop_create): Establishing an encrypted directory connection
Jun 28 20:36:53.000 [notice] Bootstrapped 25% (requesting_status): Asking for networkstatus consensus
Jun 28 20:36:53.000 [notice] Bootstrapped 30% (loading_status): Loading networkstatus consensus
Jun 28 20:37:04.000 [notice] Bootstrapped 75% (enough_dirinfo): Loaded enough directory info to build circuits
Jun 28 20:37:04.000 [notice] Bootstrapped 80% (ap_conn): Connecting to a relay to build circuits
Jun 28 20:37:04.000 [notice] Bootstrapped 90% (ap_handshake_done): Handshake finished with a relay to build circuits
Jun 28 20:37:04.000 [notice] Bootstrapped 95% (circuit_create): Establishing a Tor circuit
Jun 28 20:37:08.000 [notice] Bootstrapped 100% (done): Done
